(TranslationUnit
    (SymbolTable
        1
        {
            main:
                (Function
                    (SymbolTable
                        3
                        {
                            __return_var:
                                (Variable
                                    3
                                    __return_var
                                    []
                                    ReturnVar
                                    ()
                                    ()
                                    Default
                                    (Integer 4)
                                    ()
                                    Source
                                    Public
                                    Required
                                    .false.
                                ),
                            x:
                                (Variable
                                    3
                                    x
                                    []
                                    Local
                                    ()
                                    ()
                                    Default
                                    (Integer 4)
                                    ()
                                    Source
                                    Public
                                    Required
                                    .false.
                                )
                        })
                    main
                    (FunctionType
                        []
                        (Integer 4)
                        Source
                        Implementation
                        ()
                        .false.
                        .false.
                        .false.
                        .false.
                        .false.
                        []
                        .false.
                    )
                    []
                    []
                    [(=
                        (Var 3 x)
                        (IntegerBinOp
                            (IntegerBinOp
                                (IntegerConstant 2 (Integer 4))
                                Add
                                (IntegerConstant 3 (Integer 4))
                                (Integer 4)
                                ()
                            )
                            Mul
                            (IntegerConstant 5 (Integer 4))
                            (Integer 4)
                            ()
                        )
                        ()
                    )
                    (Print
                        [(Var 3 x)]
                        ()
                        ()
                    )
                    (=
                        (Var 3 __return_var)
                        (IntegerConstant 0 (Integer 4))
                        ()
                    )
                    (Return)]
                    (Var 3 __return_var)
                    Public
                    .false.
                    .false.
                    ()
                ),
            main_program:
                (Program
                    (SymbolTable
                        4
                        {
                            exit_code:
                                (Variable
                                    4
                                    exit_code
                                    []
                                    Local
                                    ()
                                    ()
                                    Default
                                    (Integer 4)
                                    ()
                                    Source
                                    Public
                                    Required
                                    .false.
                                )
                        })
                    main_program
                    [main]
                    [(=
                        (Var 4 exit_code)
                        (FunctionCall
                            1 main
                            1 main
                            []
                            (Integer 4)
                            ()
                            ()
                        )
                        ()
                    )]
                )
        })
    []
)
