#include <inttypes.h>

#include <stdlib.h>
#include <stdbool.h>
#include <stdio.h>
#include <string.h>
#include <lfortran_intrinsics.h>

int32_t _xx_lcompilers_changed_main_xx();



// Implementations
int32_t _xx_lcompilers_changed_main_xx()
{
    int32_t __return_var;
    int32_t x;
    x = (2 + 3)*5;
    printf("%d\n", x);
    __return_var = 0;
    return __return_var;
}

int main(int argc, char* argv[])
{
    _lpython_set_argv(argc, argv);
    int32_t exit_code;
    exit_code = _xx_lcompilers_changed_main_xx();
    return 0;
}
